---
source: src/lib.rs
expression: span_data
---
- trace_id: "[trace_id:len(32)]"
  span_id: "[span_id:len(16)]"
  trace_state: ""
  parent_span_id: "[parent_span_id:len(16)]"
  name: spin_key_value.open
  kind: SPAN_KIND_CLIENT
  start_time_unix_nano: "[timestamp]"
  end_time_unix_nano: "[timestamp]"
  attributes: "[attributes]"
  dropped_attributes_count: 0
  events: []
  dropped_events_count: 0
  links: []
  dropped_links_count: 0
  status:
    message: ""
    code: STATUS_CODE_UNSET
- trace_id: "[trace_id:len(32)]"
  span_id: "[span_id:len(16)]"
  trace_state: ""
  parent_span_id: "[parent_span_id:len(16)]"
  name: spin_key_value.set
  kind: SPAN_KIND_CLIENT
  start_time_unix_nano: "[timestamp]"
  end_time_unix_nano: "[timestamp]"
  attributes: "[attributes]"
  dropped_attributes_count: 0
  events: []
  dropped_events_count: 0
  links: []
  dropped_links_count: 0
  status:
    message: ""
    code: STATUS_CODE_UNSET
- trace_id: "[trace_id:len(32)]"
  span_id: "[span_id:len(16)]"
  trace_state: ""
  parent_span_id: "[parent_span_id:len(16)]"
  name: execute_wasm_component rust-spin-tracing
  kind: SPAN_KIND_INTERNAL
  start_time_unix_nano: "[timestamp]"
  end_time_unix_nano: "[timestamp]"
  attributes: "[attributes]"
  dropped_attributes_count: 0
  events:
    - time_unix_nano: "[timestamp]"
      name: "Last reference of LoggerProvider dropped, initiating shutdown."
      attributes:
        code.filepath: "[value]"
        code.lineno: "[value]"
        code.namespace: "[value]"
        level: "[value]"
        name: "Some(AnyValue { value: Some(StringValue(\"LoggerProvider.Drop\")) })"
        target: "[value]"
      dropped_attributes_count: 0
    - time_unix_nano: "[timestamp]"
      name: "Last reference of LoggerProvider dropped, initiating shutdown."
      attributes:
        code.filepath: "[value]"
        code.lineno: "[value]"
        code.namespace: "[value]"
        level: "[value]"
        name: "Some(AnyValue { value: Some(StringValue(\"LoggerProvider.Drop\")) })"
        target: "[value]"
      dropped_attributes_count: 0
    - time_unix_nano: "[timestamp]"
      name: "Last reference of LoggerProvider dropped, initiating shutdown."
      attributes:
        code.filepath: "[value]"
        code.lineno: "[value]"
        code.namespace: "[value]"
        level: "[value]"
        name: "Some(AnyValue { value: Some(StringValue(\"LoggerProvider.Drop\")) })"
        target: "[value]"
      dropped_attributes_count: 0
  dropped_events_count: 0
  links: []
  dropped_links_count: 0
  status:
    message: ""
    code: STATUS_CODE_UNSET
- trace_id: "[trace_id:len(32)]"
  span_id: "[span_id:len(16)]"
  trace_state: ""
  parent_span_id: "[parent_span_id:len(0)]"
  name: GET /...
  kind: SPAN_KIND_SERVER
  start_time_unix_nano: "[timestamp]"
  end_time_unix_nano: "[timestamp]"
  attributes: "[attributes]"
  dropped_attributes_count: 0
  events:
    - time_unix_nano: "[timestamp]"
      name: "Processing request on path '/'"
      attributes:
        code.filepath: "[value]"
        code.lineno: "[value]"
        code.namespace: "[value]"
        level: "[value]"
        target: "[value]"
      dropped_attributes_count: 0
    - time_unix_nano: "[timestamp]"
      name: "Request finished, sending response with status code 200 OK"
      attributes:
        code.filepath: "[value]"
        code.lineno: "[value]"
        code.namespace: "[value]"
        level: "[value]"
        target: "[value]"
      dropped_attributes_count: 0
  dropped_events_count: 0
  links: []
  dropped_links_count: 0
  status:
    message: ""
    code: STATUS_CODE_UNSET
- trace_id: "[trace_id:len(32)]"
  span_id: "[span_id:len(16)]"
  trace_state: ""
  parent_span_id: "[parent_span_id:len(16)]"
  name: child_operation
  kind: SPAN_KIND_INTERNAL
  start_time_unix_nano: "[timestamp]"
  end_time_unix_nano: "[timestamp]"
  attributes: "[attributes]"
  dropped_attributes_count: 0
  events:
    - time_unix_nano: "[timestamp]"
      name: Sub span event
      attributes:
        bar: "Some(AnyValue { value: Some(IntValue(1)) })"
        code.file.path: "Some(AnyValue { value: Some(StringValue(\"examples/spin-tracing/src/lib.rs\")) })"
        code.line.number: "Some(AnyValue { value: Some(IntValue(68)) })"
        code.module.name: "Some(AnyValue { value: Some(StringValue(\"spin_tracing\")) })"
        level: "[value]"
        target: "[value]"
      dropped_attributes_count: 0
  dropped_events_count: 0
  links: []
  dropped_links_count: 0
  status:
    message: ""
    code: STATUS_CODE_UNSET
- trace_id: "[trace_id:len(32)]"
  span_id: "[span_id:len(16)]"
  trace_state: ""
  parent_span_id: "[parent_span_id:len(16)]"
  name: main_operation
  kind: SPAN_KIND_INTERNAL
  start_time_unix_nano: "[timestamp]"
  end_time_unix_nano: "[timestamp]"
  attributes: "[attributes]"
  dropped_attributes_count: 0
  events:
    - time_unix_nano: "[timestamp]"
      name: Main span event
      attributes:
        code.file.path: "Some(AnyValue { value: Some(StringValue(\"examples/spin-tracing/src/lib.rs\")) })"
        code.line.number: "Some(AnyValue { value: Some(IntValue(62)) })"
        code.module.name: "Some(AnyValue { value: Some(StringValue(\"spin_tracing\")) })"
        foo: "Some(AnyValue { value: Some(StringValue(\"1\")) })"
        level: "[value]"
        target: "[value]"
      dropped_attributes_count: 0
  dropped_events_count: 0
  links: []
  dropped_links_count: 0
  status:
    message: ""
    code: STATUS_CODE_UNSET
